
npm http fetch GET 200 https://registry.npmjs.org/tree-sitter-rust 8ms (cache hit)
npm http fetch GET 200 https://registry.npmjs.org/tree-sitter 10ms (cache hit)
npm http fetch GET 200 https://registry.npmjs.org/node-gyp-build 5ms (cache hit)
npm http fetch GET 200 https://registry.npmjs.org/node-gyp-build 8ms (cache hit)
npm http fetch GET 200 https://registry.npmjs.org/node-addon-api 9ms (cache hit)
npm http fetch GET 200 https://registry.npmjs.org/node-addon-api 11ms (cache hit)
npm http fetch POST 200 https://registry.npmjs.org/-/npm/v1/security/advisories/bulk 281ms
npm http fetch GET 404 https://codeload.github.com/google-gemini/gemini-cli/tar.gz/5e017138033dd5f493c8c4b5a35a0452d6580f51 264ms (cache skip)
npm info run tree-sitter@0.21.1 install node_modules/tree-sitter node-gyp-build
npm info run tree-sitter-rust@0.21.0 install node_modules/tree-sitter-rust node-gyp-build
npm info run tree-sitter-rust@0.21.0 install { code: 0, signal: null }
npm info run tree-sitter@0.21.1 install { code: 0, signal: null }
file:///home/mattkorwel/.npm/_npx/8774021a78540f85/node_modules/gemini-cli/bundle/gemini.js:65470
      throw new Error("No native build was found for " + target + "\n    loaded from: " + dir + "\n");
            ^

Error: No native build was found for platform=linux arch=x64 runtime=node abi=115 uv=1 libc=glibc node=20.19.2
    loaded from: /home/mattkorwel/.npm/_npx/8774021a78540f85/node_modules/gemini-cli/bundle

    at load.resolve.load.path (file:///home/mattkorwel/.npm/_npx/8774021a78540f85/node_modules/gemini-cli/bundle/gemini.js:65470:13)
    at load (file:///home/mattkorwel/.npm/_npx/8774021a78540f85/node_modules/gemini-cli/bundle/gemini.js:65438:34)
    at node_modules/tree-sitter/index.js (file:///home/mattkorwel/.npm/_npx/8774021a78540f85/node_modules/gemini-cli/bundle/gemini.js:65604:44)
    at __require2 (file:///home/mattkorwel/.npm/_npx/8774021a78540f85/node_modules/gemini-cli/bundle/gemini.js:19:51)
    at file:///home/mattkorwel/.npm/_npx/8774021a78540f85/node_modules/gemini-cli/bundle/gemini.js:214980:34
